../Core/Src/led.c:90:17:XY_To_Chain_Index	16	static
../Core/Src/led.c:104:13:EncodeByte	24	static
../Core/Src/led.c:135:6:LED_Init	16	static
../Core/Src/led.c:157:6:LED_DrawPixel	32	static
../Core/Src/led.c:193:6:LED_IsReady	8	static
../Core/Src/led.c:213:6:LED_Transmit	24	static
../Core/Src/led.c:273:6:LED_Clear	16	static
../Core/Src/led.c:287:6:LED_Fill	32	static
../Core/Src/led.c:305:6:HAL_SPI_TxCpltCallback	16	static
../Core/Src/led.c:322:6:HAL_SPI_ErrorCallback	24	static,ignoring_inline_asm
